// Jest Snapshot v1, https://goo.gl/fbAQLP

exports[`Footer snapshot test ui from component 1`] = `
<div
  className="Footer"
>
  <p
    className="Footer-title"
  >
    Platzi Stor
  </p>
  <p
    className="Footer-copy"
  >
    Todos los Izquierdos Reservados
  </p>
</div>
`;
